[html.crumina.net/html-woox-creative/index.html]
[backblue.gif]
[fade.gif]
[index.html]
[html.crumina.net/html-woox-creative/css/plugins.css]
[html.crumina.net/html-woox-creative/css/theme-styles.css]
[html.crumina.net/html-woox-creative/css/blocks.css]
[html.crumina.net/html-woox-creative/css/widgets.css]
[html.crumina.net/html-woox-creative/css/font-awesome.css]
[html.crumina.net/html-woox-creative/img/logo-dark.png]
[html.crumina.net/html-woox-creative/002_agency.html]
[html.crumina.net/html-woox-creative/003_team.html]
[html.crumina.net/html-woox-creative/004_member_details.html]
[html.crumina.net/html-woox-creative/005_services.html]
[html.crumina.net/html-woox-creative/006_testimonials.html]
[html.crumina.net/html-woox-creative/007_portfolio_irregular_masonry.html]
[html.crumina.net/html-woox-creative/008_portfolio_masonry.html]
[html.crumina.net/html-woox-creative/009_portfolio_two_columns.html]
[html.crumina.net/html-woox-creative/010_case_details_standard.html]
[html.crumina.net/html-woox-creative/011_case_details_slider.html]
[html.crumina.net/html-woox-creative/012_case_details_builder.html]
[html.crumina.net/html-woox-creative/013_lightbox-gallery.html]
[html.crumina.net/html-woox-creative/014_blog_masonry.html]
[html.crumina.net/html-woox-creative/015_blog_sidebar.html]
[html.crumina.net/html-woox-creative/016_blog_wide.html]
[html.crumina.net/html-woox-creative/017_single_post_right_sidebar.html]
[html.crumina.net/html-woox-creative/018_single_post_left_sidebar.html]
[html.crumina.net/html-woox-creative/019_single_post_sidebar_below_title.html]
[html.crumina.net/html-woox-creative/020_single_post_wide.html]
[html.crumina.net/html-woox-creative/021_contacts.html]
[html.crumina.net/html-woox-creative/022_fullscreen_contacts.html]
[html.crumina.net/html-woox-creative/023_page_not_found.html]
[html.crumina.net/html-woox-creative/024_wide_sliding_side_menu.html]
[html.crumina.net/html-woox-creative/025_opacity-sliding-side-menu.html]
[html.crumina.net/html-woox-creative/026_fullscreen_hamburger_menu.html]
[html.crumina.net/html-woox-creative/027_pricing_tables.html]
[html.crumina.net/html-woox-creative/028_forms.html]
[html.crumina.net/html-woox-creative/029_quotes.html]
[html.crumina.net/html-woox-creative/030_tables.html]
[html.crumina.net/html-woox-creative/031_tabs.html]
[html.crumina.net/html-woox-creative/032_testimonial_styles.html]
[html.crumina.net/html-woox-creative/033_benefits.html]
[html.crumina.net/html-woox-creative/034_progress_bars.html]
[html.crumina.net/html-woox-creative/035_alerts_message.html]
[html.crumina.net/html-woox-creative/043_icons.html]
[html.crumina.net/html-woox-creative/036_button_styles.html]
[html.crumina.net/html-woox-creative/037_accordion_toggle.html]
[html.crumina.net/html-woox-creative/038_typography.html]
[html.crumina.net/html-woox-creative/039_headings.html]
[html.crumina.net/html-woox-creative/040_link_styles.html]
[html.crumina.net/html-woox-creative/041_dividers.html]
[html.crumina.net/html-woox-creative/042_colors.html]
[html.crumina.net/html-woox-creative/img/portfolio1.jpg]
[html.crumina.net/html-woox-creative/img/portfolio2.jpg]
[html.crumina.net/html-woox-creative/img/portfolio3.jpg]
[html.crumina.net/html-woox-creative/img/portfolio4.jpg]
[html.crumina.net/html-woox-creative/img/infobox1.png]
[html.crumina.net/html-woox-creative/img/infobox2.png]
[html.crumina.net/html-woox-creative/img/infobox3.png]
[html.crumina.net/html-woox-creative/img/client1.png]
[html.crumina.net/html-woox-creative/img/client2.png]
[html.crumina.net/html-woox-creative/img/client3.png]
[html.crumina.net/html-woox-creative/img/client4.png]
[html.crumina.net/html-woox-creative/img/client5.png]
[html.crumina.net/html-woox-creative/img/logo-primary.png]
[html.crumina.net/html-woox-creative/img/logo-fire.png]
[html.crumina.net/html-woox-creative/img/crumina-logo.png]
[html.crumina.net/html-woox-creative/js/method-assign.js]
[html.crumina.net/html-woox-creative/js/jquery-3.3.1.js]
[html.crumina.net/html-woox-creative/js/js-plugins/ajax-pagination.js]
[html.crumina.net/html-woox-creative/js/js-plugins/bootstrap.js]
[html.crumina.net/html-woox-creative/js/js-plugins/bootstrap-datepicker.js]
[html.crumina.net/html-woox-creative/js/js-plugins/Headroom.js]
[html.crumina.net/html-woox-creative/js/js-plugins/imagesLoaded.js]
[html.crumina.net/html-woox-creative/js/js-plugins/isotope.pkgd.min.js]
[html.crumina.net/html-woox-creative/js/js-plugins/jquery.datetimepicker.full.js]
[html.crumina.net/html-woox-creative/js/js-plugins/jquery.magnific-popup.js]
[html.crumina.net/html-woox-creative/js/js-plugins/jquery.matchHeight.js]
[html.crumina.net/html-woox-creative/js/js-plugins/jquery-circle-progress.js]
[html.crumina.net/html-woox-creative/js/js-plugins/jquery-countTo.js]
[html.crumina.net/html-woox-creative/js/js-plugins/material.min.js]
[html.crumina.net/html-woox-creative/js/js-plugins/parallax.js]
[html.crumina.net/html-woox-creative/js/js-plugins/particles.js]
[html.crumina.net/html-woox-creative/js/js-plugins/perfect-scrollbar.js]
[html.crumina.net/html-woox-creative/js/js-plugins/popper.min.js]
[html.crumina.net/html-woox-creative/js/js-plugins/select2.js]
[html.crumina.net/html-woox-creative/js/js-plugins/svgxuse.js]
[html.crumina.net/html-woox-creative/js/js-plugins/swiper.min.js]
[html.crumina.net/html-woox-creative/js/js-plugins/waypoints.js]
[html.crumina.net/html-woox-creative/js/js-plugins/leaflet.js]
[html.crumina.net/html-woox-creative/js/js-plugins/MarkerClusterGroup.js]
[html.crumina.net/html-woox-creative/js/js-plugins/ion.rangeSlider.js]
[html.crumina.net/html-woox-creative/js/main.js]
[html.crumina.net/html-woox-creative/fonts/fontawesome-all.js]
[html.crumina.net/html-woox-creative/modules/forms/src/js/jquery.validate.min.js]
[html.crumina.net/html-woox-creative/modules/forms/src/js/sweetalert2.all.js]
[html.crumina.net/html-woox-creative/modules/forms/src/js/scripts.js]
[html.crumina.net/html-woox-creative/index.html]
[www.googletagmanager.com/gtm5445.html]
[html.crumina.net/html-woox-creative/js/svg-loader.js]
[html.crumina.net/html-woox-creative/svg-icons/arrow-right.svg]
[html.crumina.net/html-woox-creative/svg-icons/arrow-left.svg]
[html.crumina.net/html-woox-creative/img/arrow-datepicker.png]
[html.crumina.net/html-woox-creative/css/plugins.css]
[html.crumina.net/html-woox-creative/fonts/Comfortaa-Bold_0.eot]
[html.crumina.net/html-woox-creative/fonts/Comfortaa-Bold_0d41d.eot]
[html.crumina.net/html-woox-creative/fonts/Comfortaa-Bold_0.woff]
[html.crumina.net/html-woox-creative/fonts/Comfortaa-Bold_0.ttf]
[html.crumina.net/html-woox-creative/fonts/Comfortaa-Light.eot]
[html.crumina.net/html-woox-creative/fonts/Comfortaa-Lightd41d.eot]
[html.crumina.net/html-woox-creative/fonts/Comfortaa-Light.woff]
[html.crumina.net/html-woox-creative/fonts/Comfortaa-Light.ttf]
[html.crumina.net/html-woox-creative/fonts/Comfortaa-Regular.eot]
[html.crumina.net/html-woox-creative/fonts/Comfortaa-Regulard41d.eot]
[html.crumina.net/html-woox-creative/fonts/Comfortaa-Regular.woff]
[html.crumina.net/html-woox-creative/fonts/Comfortaa-Regular.ttf]
[html.crumina.net/html-woox-creative/img/body-bg.png]
[html.crumina.net/html-woox-creative/svg-icons/quote-icon.svg]
[html.crumina.net/html-woox-creative/img/wave.png]
[html.crumina.net/html-woox-creative/img/arrow-left-w-50.png]
[html.crumina.net/html-woox-creative/img/arrow-bottom-center-w-150.png]
[html.crumina.net/html-woox-creative/css/theme-styles.css]
[html.crumina.net/html-woox-creative/img/wave1.png]
[html.crumina.net/html-woox-creative/img/wave2.png]
[html.crumina.net/html-woox-creative/img/wave3.png]
[html.crumina.net/html-woox-creative/img/wave4.png]
[html.crumina.net/html-woox-creative/img/wave5.png]
[html.crumina.net/html-woox-creative/img/wave6.png]
[html.crumina.net/html-woox-creative/img/wave7.png]
[html.crumina.net/html-woox-creative/img/wave8.png]
[html.crumina.net/html-woox-creative/img/wave9.png]
[html.crumina.net/html-woox-creative/img/wave10.png]
[html.crumina.net/html-woox-creative/img/wave11.png]
[html.crumina.net/html-woox-creative/img/wave12.png]
[html.crumina.net/html-woox-creative/img/wave13.png]
[html.crumina.net/html-woox-creative/img/quote-bg1.jpg]
[html.crumina.net/html-woox-creative/img/quote-bg2.jpg]
[html.crumina.net/html-woox-creative/img/layer-1.png]
[html.crumina.net/html-woox-creative/img/layer-2.png]
[html.crumina.net/html-woox-creative/img/layer-3.png]
[html.crumina.net/html-woox-creative/img/static-circle-bg1.png]
[html.crumina.net/html-woox-creative/img/static-circle-bg2.png]
[html.crumina.net/html-woox-creative/img/static-circle-bg3.png]
[html.crumina.net/html-woox-creative/img/video-thumb1.jpg]
[html.crumina.net/html-woox-creative/css/blocks.css]
[html.crumina.net/html-woox-creative/css/widgets.css]
[html.crumina.net/html-woox-creative/fonts/webfonts/fa-brands-400.eot]
[html.crumina.net/html-woox-creative/fonts/webfonts/fa-brands-400d41d.eot]
[html.crumina.net/html-woox-creative/fonts/webfonts/fa-brands-400.woff2]
[html.crumina.net/html-woox-creative/fonts/webfonts/fa-brands-400.woff]
[html.crumina.net/html-woox-creative/fonts/webfonts/fa-brands-400.ttf]
[html.crumina.net/html-woox-creative/fonts/webfonts/fa-brands-400.svg]
[html.crumina.net/html-woox-creative/fonts/webfonts/fa-regular-400.eot]
[html.crumina.net/html-woox-creative/fonts/webfonts/fa-regular-400d41d.eot]
[html.crumina.net/html-woox-creative/fonts/webfonts/fa-regular-400.woff2]
[html.crumina.net/html-woox-creative/fonts/webfonts/fa-regular-400.woff]
[html.crumina.net/html-woox-creative/fonts/webfonts/fa-regular-400.ttf]
[html.crumina.net/html-woox-creative/fonts/webfonts/fa-regular-400.svg]
[html.crumina.net/html-woox-creative/fonts/webfonts/fa-solid-900.eot]
[html.crumina.net/html-woox-creative/fonts/webfonts/fa-solid-900d41d.eot]
[html.crumina.net/html-woox-creative/fonts/webfonts/fa-solid-900.woff2]
[html.crumina.net/html-woox-creative/fonts/webfonts/fa-solid-900.woff]
[html.crumina.net/html-woox-creative/fonts/webfonts/fa-solid-900.ttf]
[html.crumina.net/html-woox-creative/css/font-awesome.css]
[html.crumina.net/html-woox-creative/fonts/webfonts/fa-solid-900.svg]
[html.crumina.net/html-woox-creative/img/time-thumb.png]
[html.crumina.net/html-woox-creative/img/author1.jpg]
[html.crumina.net/html-woox-creative/img/infobox4.png]
[html.crumina.net/html-woox-creative/img/infobox5.png]
[html.crumina.net/html-woox-creative/img/infobox6.png]
[html.crumina.net/html-woox-creative/002_agency.html]
[html.crumina.net/html-woox-creative/img/teammember1.jpg]
[html.crumina.net/html-woox-creative/img/teammember6.jpg]
[html.crumina.net/html-woox-creative/img/teammember2.jpg]
[html.crumina.net/html-woox-creative/img/teammember3.jpg]
[html.crumina.net/html-woox-creative/img/teammember4.jpg]
[html.crumina.net/html-woox-creative/img/teammember5.jpg]
[html.crumina.net/html-woox-creative/img/user.png]
[html.crumina.net/html-woox-creative/img/author2.jpg]
[html.crumina.net/html-woox-creative/003_team.html]
[html.crumina.net/html-woox-creative/004_member_details.html]
[html.crumina.net/html-woox-creative/img/infobox7.png]
[html.crumina.net/html-woox-creative/img/infobox8.png]
[html.crumina.net/html-woox-creative/img/infobox9.png]
[html.crumina.net/html-woox-creative/005_services.html]
[html.crumina.net/html-woox-creative/img/testim-logo.png]
[html.crumina.net/html-woox-creative/img/testim-logo1.png]
[html.crumina.net/html-woox-creative/img/author3.jpg]
[html.crumina.net/html-woox-creative/img/testim-logo2.png]
[html.crumina.net/html-woox-creative/img/author4.jpg]
[html.crumina.net/html-woox-creative/img/testim-logo3.png]
[html.crumina.net/html-woox-creative/img/author5.jpg]
[html.crumina.net/html-woox-creative/img/testim-logo4.png]
[html.crumina.net/html-woox-creative/img/author6.jpg]
[html.crumina.net/html-woox-creative/img/author7.jpg]
[html.crumina.net/html-woox-creative/006_testimonials.html]
[html.crumina.net/html-woox-creative/img/portfolio5.jpg]
[html.crumina.net/html-woox-creative/img/portfolio6.jpg]
[html.crumina.net/html-woox-creative/007_portfolio_irregular_masonry.html]
[html.crumina.net/html-woox-creative/img/portfolio7.jpg]
[html.crumina.net/html-woox-creative/img/portfolio8.jpg]
[html.crumina.net/html-woox-creative/img/portfolio9.jpg]
[html.crumina.net/html-woox-creative/img/portfolio10.jpg]
[html.crumina.net/html-woox-creative/008_portfolio_masonry.html]
[html.crumina.net/html-woox-creative/img/portfolio11.jpg]
[html.crumina.net/html-woox-creative/img/portfolio12.jpg]
[html.crumina.net/html-woox-creative/img/portfolio13.jpg]
[html.crumina.net/html-woox-creative/img/portfolio14.jpg]
[html.crumina.net/html-woox-creative/img/portfolio15.jpg]
[html.crumina.net/html-woox-creative/img/portfolio16.jpg]
[html.crumina.net/html-woox-creative/009_portfolio_two_columns.html]
[html.crumina.net/html-woox-creative/img/case1.jpg]
[html.crumina.net/html-woox-creative/img/case2.jpg]
[html.crumina.net/html-woox-creative/img/case3.jpg]
[html.crumina.net/html-woox-creative/img/portfolio19.jpg]
[html.crumina.net/html-woox-creative/img/portfolio17.jpg]
[html.crumina.net/html-woox-creative/img/portfolio18.jpg]
[html.crumina.net/html-woox-creative/010_case_details_standard.html]
[html.crumina.net/html-woox-creative/img/portfolio-slider1.jpg]
[html.crumina.net/html-woox-creative/img/portfolio-slider2.jpg]
[html.crumina.net/html-woox-creative/img/portfolio-slider3.jpg]
[html.crumina.net/html-woox-creative/img/portfolio20.jpg]
[html.crumina.net/html-woox-creative/011_case_details_slider.html]
[html.crumina.net/html-woox-creative/img/double-image1.jpg]
[html.crumina.net/html-woox-creative/img/double-image2.jpg]
[html.crumina.net/html-woox-creative/img/gallery1.jpg]
[html.crumina.net/html-woox-creative/img/gallery2.jpg]
[html.crumina.net/html-woox-creative/img/video-thumb2.jpg]
[html.crumina.net/html-woox-creative/img/case-prev.jpg]
[html.crumina.net/html-woox-creative/img/case-next.jpg]
[html.crumina.net/html-woox-creative/012_case_details_builder.html]
[html.crumina.net/html-woox-creative/img/gallery-slider2.jpg]
[html.crumina.net/html-woox-creative/img/gallery-slider1.jpg]
[html.crumina.net/html-woox-creative/img/gallery-slider3.jpg]
[html.crumina.net/html-woox-creative/img/gallery-slider4.jpg]
[html.crumina.net/html-woox-creative/img/gallery-slider5.jpg]
[html.crumina.net/html-woox-creative/013_lightbox-gallery.html]
[html.crumina.net/html-woox-creative/img/blog2.jpg]
[html.crumina.net/html-woox-creative/img/blog1.jpg]
[html.crumina.net/html-woox-creative/img/blog3.jpg]
[html.crumina.net/html-woox-creative/img/blog4.jpg]
[html.crumina.net/html-woox-creative/img/link-post.png]
[html.crumina.net/html-woox-creative/img/blog7.jpg]
[html.crumina.net/html-woox-creative/img/link-post2.png]
[html.crumina.net/html-woox-creative/img/blog5.jpg]
[html.crumina.net/html-woox-creative/img/blog6.jpg]
[html.crumina.net/html-woox-creative/img/blog9.jpg]
[html.crumina.net/html-woox-creative/img/blog10.jpg]
[html.crumina.net/html-woox-creative/014_blog_masonry.html]
[html.crumina.net/html-woox-creative/img/w-banner.png]
[html.crumina.net/html-woox-creative/svg-icons/twitter.svg]
[html.crumina.net/html-woox-creative/svg-icons/google.svg]
[html.crumina.net/html-woox-creative/img/blog8.jpg]
[html.crumina.net/html-woox-creative/img/shared-post1.jpg]
[html.crumina.net/html-woox-creative/img/shared-post2.jpg]
[html.crumina.net/html-woox-creative/img/shared-post3.jpg]
[html.crumina.net/html-woox-creative/015_blog_sidebar.html]
[html.crumina.net/html-woox-creative/img/blog11.jpg]
[html.crumina.net/html-woox-creative/img/blog12.jpg]
[html.crumina.net/html-woox-creative/img/blog13.jpg]
[html.crumina.net/html-woox-creative/img/blog14.jpg]
[html.crumina.net/html-woox-creative/img/blog15.jpg]
[html.crumina.net/html-woox-creative/img/blog16.jpg]
[html.crumina.net/html-woox-creative/img/blog17.jpg]
[html.crumina.net/html-woox-creative/img/blog18.jpg]
[html.crumina.net/html-woox-creative/016_blog_wide.html]
[html.crumina.net/html-woox-creative/img/blog19.jpg]
[html.crumina.net/html-woox-creative/img/blog20.jpg]
[html.crumina.net/html-woox-creative/img/blog21.jpg]
[html.crumina.net/html-woox-creative/img/blog22.jpg]
[html.crumina.net/html-woox-creative/img/author8.jpg]
[html.crumina.net/html-woox-creative/img/post-prev.jpg]
[html.crumina.net/html-woox-creative/img/post-next.jpg]
[html.crumina.net/html-woox-creative/017_single_post_right_sidebar.html]
[html.crumina.net/html-woox-creative/img/blog23.jpg]
[html.crumina.net/html-woox-creative/img/blog24.jpg]
[html.crumina.net/html-woox-creative/img/blog25.jpg]
[html.crumina.net/html-woox-creative/018_single_post_left_sidebar.html]
[html.crumina.net/html-woox-creative/img/blog26.jpg]
[html.crumina.net/html-woox-creative/019_single_post_sidebar_below_title.html]
[html.crumina.net/html-woox-creative/img/blog27.jpg]
[html.crumina.net/html-woox-creative/020_single_post_wide.html]
[html.crumina.net/html-woox-creative/021_contacts.html]
[html.crumina.net/html-woox-creative/022_fullscreen_contacts.html]
[html.crumina.net/html-woox-creative/023_page_not_found.html]
[html.crumina.net/html-woox-creative/024_wide_sliding_side_menu.html]
[html.crumina.net/html-woox-creative/025_opacity-sliding-side-menu.html]
[html.crumina.net/html-woox-creative/026_fullscreen_hamburger_menu.html]
[html.crumina.net/html-woox-creative/027_pricing_tables.html]
[html.crumina.net/html-woox-creative/028_forms.html]
[html.crumina.net/html-woox-creative/029_quotes.html]
[html.crumina.net/html-woox-creative/030_tables.html]
[html.crumina.net/html-woox-creative/031_tabs.html]
[html.crumina.net/html-woox-creative/img/arrow-bottom-w-80.png]
[html.crumina.net/html-woox-creative/032_testimonial_styles.html]
[html.crumina.net/html-woox-creative/033_benefits.html]
[html.crumina.net/html-woox-creative/034_progress_bars.html]
[html.crumina.net/html-woox-creative/035_alerts_message.html]
[html.crumina.net/html-woox-creative/043_icons.html]
[html.crumina.net/html-woox-creative/036_button_styles.html]
[html.crumina.net/html-woox-creative/037_accordion_toggle.html]
[html.crumina.net/html-woox-creative/038_typography.html]
[html.crumina.net/html-woox-creative/039_headings.html]
[html.crumina.net/html-woox-creative/040_link_styles.html]
[html.crumina.net/html-woox-creative/041_dividers.html]
[html.crumina.net/html-woox-creative/042_colors.html]
[html.crumina.net/html-woox-creative/svg-icons/arrow-right.svg]
[html.crumina.net/html-woox-creative/svg-icons/arrow-left.svg]
[html.crumina.net/html-woox-creative/img/sprite-skin-nice.html]
[html.crumina.net/html-woox-creative/img/leaflet-img/layers.html]
[html.crumina.net/html-woox-creative/img/leaflet-img/layers-2x.html]
[html.crumina.net/html-woox-creative/img/leaflet-img/marker-icon.html]
[html.crumina.net/html-woox-creative/svg-icons/quote-icon.svg]
[html.crumina.net/html-woox-creative/fonts/webfonts/fa-brands-400.svg]
[html.crumina.net/html-woox-creative/fonts/webfonts/fa-regular-400.svg]
[html.crumina.net/html-woox-creative/fonts/webfonts/fa-solid-900.svg]
[html.crumina.net/html-woox-creative/svg-icons/twitter.svg]
[html.crumina.net/html-woox-creative/svg-icons/google.svg]
[html.crumina.net/html-woox-creative/svg-icons/circle-facebook.svg]
